// Vitest Snapshot v1

exports[`bitcoin transactions > snapshot 1`] = `
{
  "foo": "bar",
}
`;

exports[`suite name > snapshot 1`] = `
{
  "foo": "bar",
}
`;
